clarinet.exe : error: 
unrecognized subcommand 
'test'
At line:1 char:124
+ ... yb3d8bbwe"; & 
"C:\Program Files\clarinet\bi
n\clarinet.exe" test > tes 
...
+                 ~~~~~~~~~~~
~~~~~~~~~~~~~~~~~~~~~~~~~~~~~
~~~~~~~~~~~~~~~~~
    + CategoryInfo           
   : NotSpecified: (error:   
  unrecognized subcommand    
 'test':String) [], Remot    
eException
    + FullyQualifiedErrorId  
   : NativeCommandError
 

Usage: clarinet <COMMAND>

For more information, try 
'--help'.
